components/AIAssistant.tsx(289,94): error TS2339: Property 'suggestion' does not exist on type '{ id: string; employeeId: string; type: string; title: string; details: string; action: string; }'.
components/AIAssistant.tsx(291,82): error TS2339: Property 'urgency' does not exist on type '{ id: string; employeeId: string; type: string; title: string; details: string; action: string; }'.
components/AIAssistant.tsx(293,33): error TS2339: Property 'urgency' does not exist on type '{ id: string; employeeId: string; type: string; title: string; details: string; action: string; }'.
components/AIAssistant.tsx(297,32): error TS2339: Property 'urgency' does not exist on type '{ id: string; employeeId: string; type: string; title: string; details: string; action: string; }'.
components/Analytics.tsx(107,34): error TS2339: Property 'changePercent' does not exist on type 'AnalyticsMetric'.
components/Analytics.tsx(265,65): error TS2339: Property 'changePercent' does not exist on type 'AnalyticsMetric'.
components/AppRoutes.tsx(6,30): error TS1323: Dynamic imports are only supported when the '--module' flag is set to 'es2020', 'es2022', 'esnext', 'commonjs', 'amd', 'system', 'umd', 'node16', 'node18', or 'nodenext'.
components/AppRoutes.tsx(7,30): error TS1323: Dynamic imports are only supported when the '--module' flag is set to 'es2020', 'es2022', 'esnext', 'commonjs', 'amd', 'system', 'umd', 'node16', 'node18', or 'nodenext'.
components/AppRoutes.tsx(8,31): error TS1323: Dynamic imports are only supported when the '--module' flag is set to 'es2020', 'es2022', 'esnext', 'commonjs', 'amd', 'system', 'umd', 'node16', 'node18', or 'nodenext'.
components/AppRoutes.tsx(9,26): error TS1323: Dynamic imports are only supported when the '--module' flag is set to 'es2020', 'es2022', 'esnext', 'commonjs', 'amd', 'system', 'umd', 'node16', 'node18', or 'nodenext'.
components/AppRoutes.tsx(10,39): error TS1323: Dynamic imports are only supported when the '--module' flag is set to 'es2020', 'es2022', 'esnext', 'commonjs', 'amd', 'system', 'umd', 'node16', 'node18', or 'nodenext'.
components/AppRoutes.tsx(11,29): error TS1323: Dynamic imports are only supported when the '--module' flag is set to 'es2020', 'es2022', 'esnext', 'commonjs', 'amd', 'system', 'umd', 'node16', 'node18', or 'nodenext'.
components/AppRoutes.tsx(12,34): error TS1323: Dynamic imports are only supported when the '--module' flag is set to 'es2020', 'es2022', 'esnext', 'commonjs', 'amd', 'system', 'umd', 'node16', 'node18', or 'nodenext'.
components/AppRoutes.tsx(13,29): error TS1323: Dynamic imports are only supported when the '--module' flag is set to 'es2020', 'es2022', 'esnext', 'commonjs', 'amd', 'system', 'umd', 'node16', 'node18', or 'nodenext'.
components/AppRoutes.tsx(14,32): error TS1323: Dynamic imports are only supported when the '--module' flag is set to 'es2020', 'es2022', 'esnext', 'commonjs', 'amd', 'system', 'umd', 'node16', 'node18', or 'nodenext'.
components/AppRoutes.tsx(15,25): error TS1323: Dynamic imports are only supported when the '--module' flag is set to 'es2020', 'es2022', 'esnext', 'commonjs', 'amd', 'system', 'umd', 'node16', 'node18', or 'nodenext'.
components/AppRoutes.tsx(16,30): error TS1323: Dynamic imports are only supported when the '--module' flag is set to 'es2020', 'es2022', 'esnext', 'commonjs', 'amd', 'system', 'umd', 'node16', 'node18', or 'nodenext'.
components/AppRoutes.tsx(17,29): error TS1323: Dynamic imports are only supported when the '--module' flag is set to 'es2020', 'es2022', 'esnext', 'commonjs', 'amd', 'system', 'umd', 'node16', 'node18', or 'nodenext'.
components/AppRoutes.tsx(18,28): error TS1323: Dynamic imports are only supported when the '--module' flag is set to 'es2020', 'es2022', 'esnext', 'commonjs', 'amd', 'system', 'umd', 'node16', 'node18', or 'nodenext'.
components/AppRoutes.tsx(19,29): error TS1323: Dynamic imports are only supported when the '--module' flag is set to 'es2020', 'es2022', 'esnext', 'commonjs', 'amd', 'system', 'umd', 'node16', 'node18', or 'nodenext'.
components/AppRoutes.tsx(20,28): error TS1323: Dynamic imports are only supported when the '--module' flag is set to 'es2020', 'es2022', 'esnext', 'commonjs', 'amd', 'system', 'umd', 'node16', 'node18', or 'nodenext'.
components/AppRoutes.tsx(21,32): error TS1323: Dynamic imports are only supported when the '--module' flag is set to 'es2020', 'es2022', 'esnext', 'commonjs', 'amd', 'system', 'umd', 'node16', 'node18', or 'nodenext'.
components/AppRoutes.tsx(22,30): error TS1323: Dynamic imports are only supported when the '--module' flag is set to 'es2020', 'es2022', 'esnext', 'commonjs', 'amd', 'system', 'umd', 'node16', 'node18', or 'nodenext'.
components/AppRoutes.tsx(23,39): error TS1323: Dynamic imports are only supported when the '--module' flag is set to 'es2020', 'es2022', 'esnext', 'commonjs', 'amd', 'system', 'umd', 'node16', 'node18', or 'nodenext'.
components/AppRoutes.tsx(24,29): error TS1323: Dynamic imports are only supported when the '--module' flag is set to 'es2020', 'es2022', 'esnext', 'commonjs', 'amd', 'system', 'umd', 'node16', 'node18', or 'nodenext'.
components/AppRoutes.tsx(25,28): error TS1323: Dynamic imports are only supported when the '--module' flag is set to 'es2020', 'es2022', 'esnext', 'commonjs', 'amd', 'system', 'umd', 'node16', 'node18', or 'nodenext'.
components/AppRoutes.tsx(26,34): error TS1323: Dynamic imports are only supported when the '--module' flag is set to 'es2020', 'es2022', 'esnext', 'commonjs', 'amd', 'system', 'umd', 'node16', 'node18', or 'nodenext'.
components/AppRoutes.tsx(27,29): error TS1323: Dynamic imports are only supported when the '--module' flag is set to 'es2020', 'es2022', 'esnext', 'commonjs', 'amd', 'system', 'umd', 'node16', 'node18', or 'nodenext'.
components/AppRoutes.tsx(28,32): error TS1323: Dynamic imports are only supported when the '--module' flag is set to 'es2020', 'es2022', 'esnext', 'commonjs', 'amd', 'system', 'umd', 'node16', 'node18', or 'nodenext'.
components/AppRoutes.tsx(47,65): error TS2322: Type '{ user: User; setActiveView: (view: View) => void; }' is not assignable to type 'IntrinsicAttributes & DashboardProps'.
  Property 'setActiveView' does not exist on type 'IntrinsicAttributes & DashboardProps'.
components/AppRoutes.tsx(48,74): error TS2322: Type '{ user: User; setActiveView: (view: View) => void; }' is not assignable to type 'IntrinsicAttributes & DashboardProps'.
  Property 'setActiveView' does not exist on type 'IntrinsicAttributes & DashboardProps'.
components/Benefits.tsx(2,29): error TS2305: Module '"../types"' has no exported member 'EnrollmentStatus'.
components/Benefits.tsx(129,69): error TS2339: Property 'category' does not exist on type 'BenefitPlan'.
components/Benefits.tsx(138,31): error TS2339: Property 'employeeCost' does not exist on type 'BenefitPlan'.
components/Benefits.tsx(165,71): error TS2339: Property 'category' does not exist on type 'BenefitPlan'.
components/Benefits.tsx(173,37): error TS2339: Property 'employeeCost' does not exist on type 'BenefitPlan'.
components/Credentialing.tsx(7,10): error TS2614: Module '"./ui/ProgressBar"' has no exported member 'ProgressBar'. Did you mean to use 'import ProgressBar from "./ui/ProgressBar"' instead?
components/Credentialing.tsx(39,5): error TS2820: Type '"active"' is not assignable to type 'CredentialStatus'. Did you mean '"Active"'?
components/Credentialing.tsx(49,5): error TS2820: Type '"active"' is not assignable to type 'CredentialStatus'. Did you mean '"Active"'?
components/Credentialing.tsx(58,5): error TS2820: Type '"expiring_soon"' is not assignable to type 'CredentialStatus'. Did you mean '"Expiring Soon"'?
components/Credentialing.tsx(67,5): error TS2820: Type '"expired"' is not assignable to type 'CredentialStatus'. Did you mean '"Expired"'?
components/Credentialing.tsx(76,5): error TS2820: Type '"active"' is not assignable to type 'CredentialStatus'. Did you mean '"Active"'?
components/Credentialing.tsx(85,5): error TS2820: Type '"active"' is not assignable to type 'CredentialStatus'. Did you mean '"Active"'?
components/Credentialing.tsx(206,58): error TS2367: This comparison appears to be unintentional because the types 'CredentialStatus' and '"active"' have no overlap.
components/Credentialing.tsx(207,60): error TS2367: This comparison appears to be unintentional because the types 'CredentialStatus' and '"expiring_soon"' have no overlap.
components/Credentialing.tsx(208,59): error TS2367: This comparison appears to be unintentional because the types 'CredentialStatus' and '"expired"' have no overlap.
components/Credentialing.tsx(299,32): error TS2367: This comparison appears to be unintentional because the types 'CredentialStatus' and '"expiring_soon"' have no overlap.
components/Credentialing.tsx(299,64): error TS2367: This comparison appears to be unintentional because the types 'CredentialStatus' and '"expired"' have no overlap.
components/Credentialing.tsx(306,102): error TS2367: This comparison appears to be unintentional because the types 'CredentialStatus' and '"expired"' have no overlap.
components/Credentialing.tsx(309,37): error TS2367: This comparison appears to be unintentional because the types 'CredentialStatus' and '"expired"' have no overlap.
components/Credentialing.tsx(311,42): error TS2367: This comparison appears to be unintentional because the types 'CredentialStatus' and '"expired"' have no overlap.
components/Credentialing.tsx(317,32): error TS2367: This comparison appears to be unintentional because the types 'CredentialStatus' and '"expired"' have no overlap.
components/Credentialing.tsx(323,43): error TS2322: Type '"primary" | "outline"' is not assignable to type '"primary" | "secondary" | "danger" | "ghost" | "success"'.
  Type '"outline"' is not assignable to type '"primary" | "secondary" | "danger" | "ghost" | "success"'.
components/Credentialing.tsx(323,52): error TS2367: This comparison appears to be unintentional because the types 'CredentialStatus' and '"expired"' have no overlap.
components/Credentialing.tsx(324,28): error TS2367: This comparison appears to be unintentional because the types 'CredentialStatus' and '"expired"' have no overlap.
components/Credentialing.tsx(329,47): error TS2367: This comparison appears to be unintentional because the types 'CredentialStatus' and '"expiring_soon"' have no overlap.
components/Credentialing.tsx(329,79): error TS2367: This comparison appears to be unintentional because the types 'CredentialStatus' and '"expired"' have no overlap.
components/Credentialing.tsx(344,25): error TS2322: Type '"outline"' is not assignable to type '"primary" | "secondary" | "danger" | "ghost" | "success"'.
components/Credentialing.tsx(348,25): error TS2322: Type '"outline"' is not assignable to type '"primary" | "secondary" | "danger" | "ghost" | "success"'.
components/Credentialing.tsx(352,25): error TS2322: Type '"outline"' is not assignable to type '"primary" | "secondary" | "danger" | "ghost" | "success"'.
components/Credentialing.tsx(356,25): error TS2322: Type '"outline"' is not assignable to type '"primary" | "secondary" | "danger" | "ghost" | "success"'.
components/Credentialing.tsx(410,17): error TS2322: Type '{ children: Element[]; key: string; variant: "bordered"; className: string; onClick: () => void; }' is not assignable to type 'IntrinsicAttributes & CardProps'.
  Property 'onClick' does not exist on type 'IntrinsicAttributes & CardProps'.
components/Credentialing.tsx(414,107): error TS2339: Property 'type' does not exist on type 'Credential'.
components/Credentialing.tsx(417,42): error TS2339: Property 'type' does not exist on type 'Credential'.
components/Credentialing.tsx(419,47): error TS2339: Property 'type' does not exist on type 'Credential'.
components/Credentialing.tsx(440,50): error TS2367: This comparison appears to be unintentional because the types 'CredentialStatus' and '"expired"' have no overlap.
components/Credentialing.tsx(441,25): error TS2367: This comparison appears to be unintentional because the types 'CredentialStatus' and '"expiring_soon"' have no overlap.
components/Credentialing.tsx(470,17): error TS2322: Type '{ children: Element[]; key: string; variant: "bordered"; className: string; onClick: () => void; }' is not assignable to type 'IntrinsicAttributes & CardProps'.
  Property 'onClick' does not exist on type 'IntrinsicAttributes & CardProps'.
components/Credentialing.tsx(531,57): error TS2367: This comparison appears to be unintentional because the types 'CredentialStatus' and '"active"' have no overlap.
components/Credentialing.tsx(565,105): error TS2339: Property 'type' does not exist on type 'Credential'.
components/Credentialing.tsx(579,46): error TS2367: This comparison appears to be unintentional because the types 'CredentialStatus' and '"expired"' have no overlap.
components/Credentialing.tsx(584,35): error TS2339: Property 'verificationUrl' does not exist on type 'Credential'.
components/Credentialing.tsx(587,47): error TS2339: Property 'verificationUrl' does not exist on type 'Credential'.
components/Credentialing.tsx(595,23): error TS2322: Type '"outline"' is not assignable to type '"primary" | "secondary" | "danger" | "ghost" | "success"'.
components/Credentialing.tsx(599,23): error TS2322: Type '"outline"' is not assignable to type '"primary" | "secondary" | "danger" | "ghost" | "success"'.
components/Credentialing.tsx(603,16): error TS2367: This comparison appears to be unintentional because the types 'CredentialStatus' and '"active"' have no overlap.
components/Credentialing.tsx(660,41): error TS2322: Type '"outline"' is not assignable to type '"primary" | "secondary" | "danger" | "ghost" | "success"'.
components/Credentialing.tsx(683,26): error TS2367: This comparison appears to be unintentional because the types 'CredentialStatus' and '"expiring_soon"' have no overlap.
components/Credentialing.tsx(683,58): error TS2367: This comparison appears to be unintentional because the types 'CredentialStatus' and '"expired"' have no overlap.
components/Credentialing.tsx(688,44): error TS2367: This comparison appears to be unintentional because the types 'CredentialStatus' and '"expired"' have no overlap.
components/Credentialing.tsx(689,22): error TS2367: This comparison appears to be unintentional because the types 'CredentialStatus' and '"expired"' have no overlap.
components/Directory.tsx(123,15): error TS2322: Type '{ children: Element; key: string; variant: "bordered"; padding: "md"; className: string; onClick: () => void; }' is not assignable to type 'IntrinsicAttributes & CardProps'.
  Property 'onClick' does not exist on type 'IntrinsicAttributes & CardProps'.
components/Directory.tsx(209,13): error TS2322: Type '{ children: Element[]; variant: "elevated"; className: string; onClick: (e: any) => any; }' is not assignable to type 'IntrinsicAttributes & CardProps'.
  Property 'onClick' does not exist on type 'IntrinsicAttributes & CardProps'.
components/DocumentManagement.tsx(375,31): error TS2322: Type '"outline"' is not assignable to type '"primary" | "secondary" | "danger" | "ghost" | "success"'.
components/DocumentManagement.tsx(514,19): error TS2322: Type '{ children: Element[]; key: string; variant: "bordered"; className: string; onClick: () => void; }' is not assignable to type 'IntrinsicAttributes & CardProps'.
  Property 'onClick' does not exist on type 'IntrinsicAttributes & CardProps'.
components/DocumentManagement.tsx(674,23): error TS2322: Type '"outline"' is not assignable to type '"primary" | "secondary" | "danger" | "ghost" | "success"'.
components/DocumentManagement.tsx(693,21): error TS2322: Type '"outline"' is not assignable to type '"primary" | "secondary" | "danger" | "ghost" | "success"'.
components/DocumentManagement.tsx(732,21): error TS2322: Type '"outline"' is not assignable to type '"primary" | "secondary" | "danger" | "ghost" | "success"'.
components/Goals.tsx(65,45): error TS2322: Type '{ progress: number; variant: string; className: string; }' is not assignable to type 'IntrinsicAttributes & ProgressBarProps'.
  Property 'variant' does not exist on type 'IntrinsicAttributes & ProgressBarProps'.
components/Goals.tsx(264,47): error TS2322: Type '{ progress: number; variant: string; className: string; }' is not assignable to type 'IntrinsicAttributes & ProgressBarProps'.
  Property 'variant' does not exist on type 'IntrinsicAttributes & ProgressBarProps'.
components/MyJourney.tsx(380,23): error TS2322: Type '{ children: Element[]; variant: "bordered"; className: string; onClick: () => void; }' is not assignable to type 'IntrinsicAttributes & CardProps'.
  Property 'onClick' does not exist on type 'IntrinsicAttributes & CardProps'.
components/MyJourney.tsx(487,25): error TS2322: Type '"outline"' is not assignable to type '"primary" | "secondary" | "danger" | "ghost" | "success"'.
components/MyJourney.tsx(573,68): error TS2322: Type '{ children: Element[]; variant: "elevated"; className: string; onClick: (e: any) => any; }' is not assignable to type 'IntrinsicAttributes & CardProps'.
  Property 'onClick' does not exist on type 'IntrinsicAttributes & CardProps'.
components/MyJourney.tsx(615,23): error TS2322: Type '"outline"' is not assignable to type '"primary" | "secondary" | "danger" | "ghost" | "success"'.
components/Offboarding.tsx(304,26): error TS2322: Type '{ value: number; variant: string; className: string; }' is not assignable to type 'IntrinsicAttributes & ProgressBarProps'.
  Property 'value' does not exist on type 'IntrinsicAttributes & ProgressBarProps'.
components/Onboarding.tsx(154,48): error TS2322: Type '{ progress: number; variant: string; className: string; }' is not assignable to type 'IntrinsicAttributes & ProgressBarProps'.
  Property 'variant' does not exist on type 'IntrinsicAttributes & ProgressBarProps'.
components/OrgChart.tsx(89,22): error TS2339: Property 'avatar' does not exist on type 'User'.
components/PerformanceReviews.tsx(23,12): error TS2678: Type '"completed"' is not comparable to type 'ReviewStatus'.
components/PerformanceReviews.tsx(24,12): error TS2678: Type '"in_progress"' is not comparable to type 'ReviewStatus'.
components/PerformanceReviews.tsx(25,12): error TS2678: Type '"pending"' is not comparable to type 'ReviewStatus'.
components/PerformanceReviews.tsx(26,12): error TS2678: Type '"scheduled"' is not comparable to type 'ReviewStatus'.
components/PerformanceReviews.tsx(34,29): error TS2339: Property 'performanceRating' does not exist on type 'string'.
components/PerformanceReviews.tsx(35,29): error TS2339: Property 'goalsAchievement' does not exist on type 'string'.
components/PerformanceReviews.tsx(36,29): error TS2339: Property 'skillsGrowth' does not exist on type 'string'.
components/PerformanceReviews.tsx(37,29): error TS2339: Property 'teamwork' does not exist on type 'string'.
components/PerformanceReviews.tsx(38,29): error TS2339: Property 'initiative' does not exist on type 'string'.
components/PerformanceReviews.tsx(43,46): error TS2367: This comparison appears to be unintentional because the types 'ReviewStatus' and '"pending"' have no overlap.
components/PerformanceReviews.tsx(43,72): error TS2367: This comparison appears to be unintentional because the types 'ReviewStatus' and '"in_progress"' have no overlap.
components/PerformanceReviews.tsx(44,48): error TS2367: This comparison appears to be unintentional because the types 'ReviewStatus' and '"completed"' have no overlap.
components/PerformanceReviews.tsx(45,48): error TS2367: This comparison appears to be unintentional because the types 'ReviewStatus' and '"scheduled"' have no overlap.
components/PerformanceReviews.tsx(126,86): error TS2339: Property 'period' does not exist on type 'PerformanceReview'.
components/PerformanceReviews.tsx(135,18): error TS2367: This comparison appears to be unintentional because the types 'ReviewStatus' and '"in_progress"' have no overlap.
components/PerformanceReviews.tsx(141,34): error TS2322: Type '{ value: number; variant: string; size: string; }' is not assignable to type 'IntrinsicAttributes & ProgressBarProps'.
  Property 'value' does not exist on type 'IntrinsicAttributes & ProgressBarProps'.
components/PerformanceReviews.tsx(169,31): error TS2339: Property 'period' does not exist on type 'PerformanceReview'.
components/PerformanceReviews.tsx(173,42): error TS2551: Property 'completedDate' does not exist on type 'PerformanceReview'. Did you mean 'completionDate'?
components/PerformanceReviews.tsx(173,74): error TS2551: Property 'completedDate' does not exist on type 'PerformanceReview'. Did you mean 'completionDate'?
components/PerformanceReviews.tsx(228,35): error TS2339: Property 'period' does not exist on type 'PerformanceReview'.
components/PerformanceReviews.tsx(237,90): error TS2339: Property 'period' does not exist on type 'PerformanceReview'.
components/PerformanceReviews.tsx(251,15): error TS2367: This comparison appears to be unintentional because the types 'ReviewStatus' and '"pending"' have no overlap.
components/PerformanceReviews.tsx(251,54): error TS2367: This comparison appears to be unintentional because the types 'ReviewStatus' and '"in_progress"' have no overlap.
components/PerformanceReviews.tsx(306,14): error TS2367: This comparison appears to be unintentional because the types 'ReviewStatus' and '"completed"' have no overlap.
components/PerformanceReviews.tsx(313,82): error TS2339: Property 'performanceRating' does not exist on type 'string'.
components/PerformanceReviews.tsx(314,76): error TS2339: Property 'goalsAchievement' does not exist on type 'string'.
components/PerformanceReviews.tsx(315,77): error TS2339: Property 'skillsGrowth' does not exist on type 'string'.
components/PerformanceReviews.tsx(316,79): error TS2339: Property 'teamwork' does not exist on type 'string'.
components/PerformanceReviews.tsx(317,81): error TS2339: Property 'initiative' does not exist on type 'string'.
components/PerformanceReviews.tsx(330,52): error TS2339: Property 'achievements' does not exist on type 'string'.
components/PerformanceReviews.tsx(340,57): error TS2339: Property 'feedback' does not exist on type 'string'.
components/PerformanceReviews.tsx(349,17): error TS2367: This comparison appears to be unintentional because the types 'ReviewStatus' and '"pending"' have no overlap.
components/PerformanceReviews.tsx(349,56): error TS2367: This comparison appears to be unintentional because the types 'ReviewStatus' and '"in_progress"' have no overlap.
components/Profile.tsx(45,34): error TS2352: Conversion of type '{ isVerified: boolean; endorsements: number; name: string; category: string; proficiency: number; }' to type 'EmployeeSkill' may be a mistake because neither type sufficiently overlaps with the other. If this was intentional, convert the expression to 'unknown' first.
  Type '{ isVerified: boolean; endorsements: number; name: string; category: string; proficiency: number; }' is missing the following properties from type 'EmployeeSkill': employeeId, skillId
components/Profile.tsx(53,16): error TS2322: Type 'string | EmployeeSkill' is not assignable to type 'string'.
  Type 'EmployeeSkill' is not assignable to type 'string'.
components/Profile.tsx(53,40): error TS2322: Type 'EmployeeSkill' is not assignable to type 'string'.
components/Profile.tsx(65,7): error TS2353: Object literal may only specify known properties, and 'credentials' does not exist in type 'User'.
components/Profile.tsx(65,30): error TS2339: Property 'credentials' does not exist on type 'User'.
components/Profile.tsx(84,48): error TS2339: Property 'userId' does not exist on type 'Skill'.
components/Profile.tsx(85,58): error TS2339: Property 'userId' does not exist on type 'Credential'.
components/Profile.tsx(159,23): error TS2367: This comparison appears to be unintentional because the types 'UserRole.MANAGER | UserRole.STAFF' and '"Executive"' have no overlap.
components/Profile.tsx(346,96): error TS2339: Property 'proficiencyLevel' does not exist on type 'Skill'.
components/Profile.tsx(351,51): error TS2339: Property 'proficiencyLevel' does not exist on type 'Skill'.
components/Profile.tsx(385,26): error TS2339: Property 'isVerified' does not exist on type 'Skill'.
components/Profile.tsx(393,76): error TS2339: Property 'proficiencyLevel' does not exist on type 'Skill'.
components/Profile.tsx(400,24): error TS2339: Property 'endorsements' does not exist on type 'Skill'.
components/Profile.tsx(402,28): error TS2339: Property 'endorsements' does not exist on type 'Skill'.
components/Profile.tsx(402,67): error TS2339: Property 'endorsements' does not exist on type 'Skill'.
components/Profile.tsx(433,35): error TS2339: Property 'issuingOrganization' does not exist on type 'Credential'.
components/Profile.tsx(442,70): error TS2367: This comparison appears to be unintentional because the types 'CredentialStatus' and '"active"' have no overlap.
components/Profile.tsx(444,23): error TS2367: This comparison appears to be unintentional because the types 'CredentialStatus' and '"expiring_soon"' have no overlap.
components/Settings.tsx(18,32): error TS2339: Property 'currentIndustry' does not exist on type 'IndustryContextType'.
components/SkillMatrix.tsx(201,17): error TS2322: Type '"primary" | "outline"' is not assignable to type '"primary" | "secondary" | "danger" | "ghost" | "success"'.
  Type '"outline"' is not assignable to type '"primary" | "secondary" | "danger" | "ghost" | "success"'.
components/SkillMatrix.tsx(209,17): error TS2322: Type '"primary" | "outline"' is not assignable to type '"primary" | "secondary" | "danger" | "ghost" | "success"'.
  Type '"outline"' is not assignable to type '"primary" | "secondary" | "danger" | "ghost" | "success"'.
components/SkillMatrix.tsx(317,19): error TS2322: Type '{ children: Element[]; key: string; variant: "bordered"; className: string; onClick: () => void; }' is not assignable to type 'IntrinsicAttributes & CardProps'.
  Property 'onClick' does not exist on type 'IntrinsicAttributes & CardProps'.
components/SkillMatrix.tsx(492,25): error TS2322: Type '"outline"' is not assignable to type '"primary" | "secondary" | "danger" | "ghost" | "success"'.
components/SkillMatrix.tsx(545,25): error TS2322: Type '"outline"' is not assignable to type '"primary" | "secondary" | "danger" | "ghost" | "success"'.
components/SkillMatrix.tsx(608,23): error TS2322: Type '"outline"' is not assignable to type '"primary" | "secondary" | "danger" | "ghost" | "success"'.
components/Surveys.tsx(2,36): error TS2305: Module '"../types"' has no exported member 'SurveyStatus'.
components/Surveys.tsx(22,48): error TS2367: This comparison appears to be unintentional because the types '"draft" | "active" | "closed"' and '"completed"' have no overlap.
components/Surveys.tsx(143,38): error TS2339: Property 'estimatedTime' does not exist on type 'Survey'.
components/Surveys.tsx(144,51): error TS2339: Property 'dueDate' does not exist on type 'Survey'.
components/Surveys.tsx(204,26): error TS2322: Type '{ value: number; variant: string; }' is not assignable to type 'IntrinsicAttributes & ProgressBarProps'.
  Property 'value' does not exist on type 'IntrinsicAttributes & ProgressBarProps'.
components/Surveys.tsx(211,26): error TS2322: Type '{ value: number; variant: string; }' is not assignable to type 'IntrinsicAttributes & ProgressBarProps'.
  Property 'value' does not exist on type 'IntrinsicAttributes & ProgressBarProps'.
components/Surveys.tsx(218,26): error TS2322: Type '{ value: number; variant: string; }' is not assignable to type 'IntrinsicAttributes & ProgressBarProps'.
  Property 'value' does not exist on type 'IntrinsicAttributes & ProgressBarProps'.
components/Surveys.tsx(225,26): error TS2322: Type '{ value: number; variant: string; }' is not assignable to type 'IntrinsicAttributes & ProgressBarProps'.
  Property 'value' does not exist on type 'IntrinsicAttributes & ProgressBarProps'.
components/Surveys.tsx(265,44): error TS2339: Property 'estimatedTime' does not exist on type 'Survey'.
components/Surveys.tsx(266,37): error TS2551: Property 'isAnonymous' does not exist on type 'Survey'. Did you mean 'anonymous'?
components/TimeOff.tsx(34,12): error TS2678: Type '"rejected"' is not comparable to type 'TimeOffStatus'.
components/TimeOff.tsx(41,12): error TS2678: Type '"vacation"' is not comparable to type 'TimeOffType'.
components/TimeOff.tsx(47,12): error TS2678: Type '"military"' is not comparable to type 'TimeOffType'.
components/TimeOff.tsx(58,7): error TS2353: Object literal may only specify known properties, and 'userId' does not exist in type 'TimeOffRequest'.
components/ui/icons/Icon.tsx(447,47): error TS2322: Type '{ className: string; style: { width: number; height: number; }; }' is not assignable to type 'IntrinsicAttributes & IconProps'.
  Property 'style' does not exist on type 'IntrinsicAttributes & IconProps'.
